src/app/security/page.tsx(7,45): error TS2305: Module '"lucide-react"' has no exported member 'GlobeCode'.
